To honour the JVM settings for this build a single-use Daemon process will be forked. For more on this, please refer to https://docs.gradle.org/8.13/userguide/gradle_daemon.html#sec:disabling_the_daemon in the Gradle documentation.
Daemon will be stopped at the end of the build 
> Task :app:clean UP-TO-DATE
> Task :app:syncFreshWebAssets
> Task :app:preBuild
> Task :app:preReleaseBuild
> Task :app:mergeReleaseJniLibFolders
> Task :app:mergeReleaseNativeLibs
> Task :app:mergeReleaseArtProfile

> Task :app:stripReleaseDebugSymbols
Unable to strip the following libraries, packaging them as they are: libdatastore_shared_counter.so, libwg-go.so, libwg-quick.so, libwg.so. Run with --info option to learn more.

> Task :app:extractReleaseNativeSymbolTables
> Task :app:mergeReleaseNativeDebugMetadata NO-SOURCE
> Task :app:expandReleaseL8ArtProfileWildcards
> Task :app:buildKotlinToolingMetadata
> Task :app:checkKotlinGradlePluginConfigurationErrors SKIPPED
> Task :app:checkReleaseDuplicateClasses
> Task :app:dataBindingMergeDependencyArtifactsRelease
> Task :app:generateReleaseResValues
> Task :app:generateReleaseResources
> Task :app:processReleaseGoogleServices
> Task :app:processReleaseNavigationResources
> Task :app:generateReleaseBuildConfig
> Task :app:checkReleaseAarMetadata
> Task :app:mapReleaseSourceSetPaths
> Task :app:createReleaseCompatibleScreenManifests
> Task :app:extractDeepLinksRelease
> Task :app:mergeReleaseResources
> Task :app:processReleaseMainManifest
> Task :app:packageReleaseResources
> Task :app:compileReleaseNavigationResources
> Task :app:parseReleaseLocalResources
> Task :app:processReleaseManifest
> Task :app:dataBindingGenBaseClassesRelease
> Task :app:processReleaseManifestForPackage
> Task :app:javaPreCompileRelease
> Task :app:extractProguardFiles
> Task :app:mergeReleaseStartupProfile
> Task :app:mergeReleaseShaders
> Task :app:compileReleaseShaders NO-SOURCE
> Task :app:generateReleaseAssets UP-TO-DATE
> Task :app:mergeReleaseAssets
> Task :app:compressReleaseAssets
> Task :app:extractReleaseVersionControlInfo
> Task :app:collectReleaseDependencies
> Task :app:sdkReleaseDependencyData
> Task :app:validateSigningRelease
> Task :app:writeReleaseAppMetadata
> Task :app:writeReleaseSigningConfigVersions
> Task :app:processReleaseResources
> Task :app:optimizeReleaseResources

> Task :app:compileReleaseKotlin
w: file:///home/runner/work/nexusnova-app/nexusnova-app/NexusNovaAndroid/app/src/main/java/com/nexusnova/app/BrowserActivity.kt:62:16 'var statusBarColor: Int' is deprecated. Deprecated in Java.
w: file:///home/runner/work/nexusnova-app/nexusnova-app/NexusNovaAndroid/app/src/main/java/com/nexusnova/app/BrowserActivity.kt:63:16 'var navigationBarColor: Int' is deprecated. Deprecated in Java.
w: file:///home/runner/work/nexusnova-app/nexusnova-app/NexusNovaAndroid/app/src/main/java/com/nexusnova/app/BrowserActivity.kt:342:18 'var databaseEnabled: Boolean' is deprecated. Deprecated in Java.
w: file:///home/runner/work/nexusnova-app/nexusnova-app/NexusNovaAndroid/app/src/main/java/com/nexusnova/app/BrowserActivity.kt:345:18 'var allowFileAccessFromFileURLs: Boolean' is deprecated. Deprecated in Java.
w: file:///home/runner/work/nexusnova-app/nexusnova-app/NexusNovaAndroid/app/src/main/java/com/nexusnova/app/BrowserActivity.kt:346:18 'var allowUniversalAccessFromFileURLs: Boolean' is deprecated. Deprecated in Java.
w: file:///home/runner/work/nexusnova-app/nexusnova-app/NexusNovaAndroid/app/src/main/java/com/nexusnova/app/BrowserActivity.kt:668:93 'fun onBackPressed(): Unit' is deprecated. Deprecated in Java.
w: file:///home/runner/work/nexusnova-app/nexusnova-app/NexusNovaAndroid/app/src/main/java/com/nexusnova/app/MainActivity.kt:164:18 'var databaseEnabled: Boolean' is deprecated. Deprecated in Java.
w: file:///home/runner/work/nexusnova-app/nexusnova-app/NexusNovaAndroid/app/src/main/java/com/nexusnova/app/MainActivity.kt:167:18 'var allowFileAccessFromFileURLs: Boolean' is deprecated. Deprecated in Java.
w: file:///home/runner/work/nexusnova-app/nexusnova-app/NexusNovaAndroid/app/src/main/java/com/nexusnova/app/MainActivity.kt:168:18 'var allowUniversalAccessFromFileURLs: Boolean' is deprecated. Deprecated in Java.
w: file:///home/runner/work/nexusnova-app/nexusnova-app/NexusNovaAndroid/app/src/main/java/com/nexusnova/app/NexusAdManager.kt:292:76 The corresponding parameter in the supertype 'AdEventCallback' is named 'fullScreenContentError'. This may cause problems when calling this function with named arguments.
w: file:///home/runner/work/nexusnova-app/nexusnova-app/NexusNovaAndroid/app/src/main/java/com/nexusnova/app/NexusAdManager.kt:320:47 The corresponding parameter in the supertype 'AdLoadCallback' is named 'adError'. This may cause problems when calling this function with named arguments.
w: file:///home/runner/work/nexusnova-app/nexusnova-app/NexusNovaAndroid/app/src/main/java/com/nexusnova/app/NexusAdManager.kt:361:76 The corresponding parameter in the supertype 'AdEventCallback' is named 'fullScreenContentError'. This may cause problems when calling this function with named arguments.
w: file:///home/runner/work/nexusnova-app/nexusnova-app/NexusNovaAndroid/app/src/main/java/com/nexusnova/app/NexusAdManager.kt:389:47 The corresponding parameter in the supertype 'AdLoadCallback' is named 'adError'. This may cause problems when calling this function with named arguments.
w: file:///home/runner/work/nexusnova-app/nexusnova-app/NexusNovaAndroid/app/src/main/java/com/nexusnova/app/NexusAdManager.kt:653:76 The corresponding parameter in the supertype 'AdEventCallback' is named 'fullScreenContentError'. This may cause problems when calling this function with named arguments.
w: file:///home/runner/work/nexusnova-app/nexusnova-app/NexusNovaAndroid/app/src/main/java/com/nexusnova/app/NexusAdManager.kt:677:47 The corresponding parameter in the supertype 'AdLoadCallback' is named 'adError'. This may cause problems when calling this function with named arguments.
w: file:///home/runner/work/nexusnova-app/nexusnova-app/NexusNovaAndroid/app/src/main/java/com/nexusnova/app/NovaVpnActivity.kt:77:16 'var statusBarColor: Int' is deprecated. Deprecated in Java.
w: file:///home/runner/work/nexusnova-app/nexusnova-app/NexusNovaAndroid/app/src/main/java/com/nexusnova/app/NovaVpnActivity.kt:78:16 'var navigationBarColor: Int' is deprecated. Deprecated in Java.

> Task :app:compileReleaseJavaWithJavac
> Task :app:mergeReleaseGeneratedProguardFiles
> Task :app:processReleaseJavaRes
> Task :app:expandReleaseArtProfileWildcards
> Task :app:generateReleaseLintVitalReportModel
> Task :app:mergeReleaseJavaResource
> Task :app:lintVitalAnalyzeRelease
> Task :app:minifyReleaseWithR8
> Task :app:lintVitalReportRelease
> Task :app:lintVitalRelease
> Task :app:l8DexDesugarLibRelease
> Task :app:compileReleaseArtProfile
> Task :app:packageRelease
> Task :app:createReleaseApkListingFileRedirect
> Task :app:assembleRelease
gradle/actions: Writing build results to /home/runner/work/_temp/.gradle-actions/build-results/__run_7-1788029143367.json

BUILD SUCCESSFUL in 4m 57s
57 actionable tasks: 56 executed, 1 up-to-date
