To honour the JVM settings for this build a single-use Daemon process will be forked. For more on this, please refer to https://docs.gradle.org/8.13/userguide/gradle_daemon.html#sec:disabling_the_daemon in the Gradle documentation.
Daemon will be stopped at the end of the build 
> Task :app:clean UP-TO-DATE
> Task :app:preBuild UP-TO-DATE
> Task :app:preDebugBuild UP-TO-DATE
> Task :app:mergeDebugNativeDebugMetadata NO-SOURCE
> Task :app:checkKotlinGradlePluginConfigurationErrors SKIPPED
> Task :app:dataBindingMergeDependencyArtifactsDebug
> Task :app:generateDebugResValues
> Task :app:generateDebugResources
> Task :app:packageDebugResources
> Task :app:processDebugNavigationResources
> Task :app:mergeDebugResources
> Task :app:generateDebugBuildConfig
> Task :app:parseDebugLocalResources
> Task :app:checkDebugAarMetadata
> Task :app:compileDebugNavigationResources
> Task :app:dataBindingGenBaseClassesDebug
> Task :app:mapDebugSourceSetPaths
> Task :app:createDebugCompatibleScreenManifests
> Task :app:extractDeepLinksDebug
> Task :app:processDebugMainManifest
> Task :app:processDebugManifest
> Task :app:javaPreCompileDebug
> Task :app:mergeDebugShaders
> Task :app:compileDebugShaders NO-SOURCE
> Task :app:generateDebugAssets UP-TO-DATE
> Task :app:mergeDebugAssets
> Task :app:desugarDebugFileDependencies
> Task :app:compressDebugAssets
> Task :app:processDebugManifestForPackage
> Task :app:checkDebugDuplicateClasses
> Task :app:processDebugResources
> Task :app:mergeExtDexDebug
> Task :app:mergeDebugJniLibFolders
> Task :app:mergeLibDexDebug
> Task :app:mergeDebugNativeLibs NO-SOURCE
> Task :app:stripDebugDebugSymbols NO-SOURCE
> Task :app:validateSigningDebug
> Task :app:writeDebugAppMetadata
> Task :app:writeDebugSigningConfigVersions

> Task :app:compileDebugKotlin
w: file:///home/runner/work/nexusnova-app/nexusnova-app/NexusNovaAndroid/app/src/main/java/com/nexusnova/app/BrowserActivity.kt:62:16 'var statusBarColor: Int' is deprecated. Deprecated in Java.
w: file:///home/runner/work/nexusnova-app/nexusnova-app/NexusNovaAndroid/app/src/main/java/com/nexusnova/app/BrowserActivity.kt:63:16 'var navigationBarColor: Int' is deprecated. Deprecated in Java.
w: file:///home/runner/work/nexusnova-app/nexusnova-app/NexusNovaAndroid/app/src/main/java/com/nexusnova/app/BrowserActivity.kt:342:18 'var databaseEnabled: Boolean' is deprecated. Deprecated in Java.
w: file:///home/runner/work/nexusnova-app/nexusnova-app/NexusNovaAndroid/app/src/main/java/com/nexusnova/app/BrowserActivity.kt:345:18 'var allowFileAccessFromFileURLs: Boolean' is deprecated. Deprecated in Java.
w: file:///home/runner/work/nexusnova-app/nexusnova-app/NexusNovaAndroid/app/src/main/java/com/nexusnova/app/BrowserActivity.kt:346:18 'var allowUniversalAccessFromFileURLs: Boolean' is deprecated. Deprecated in Java.
w: file:///home/runner/work/nexusnova-app/nexusnova-app/NexusNovaAndroid/app/src/main/java/com/nexusnova/app/BrowserActivity.kt:668:93 'fun onBackPressed(): Unit' is deprecated. Deprecated in Java.
w: file:///home/runner/work/nexusnova-app/nexusnova-app/NexusNovaAndroid/app/src/main/java/com/nexusnova/app/IncomingCallActivity.kt:14:40 'static field FLAG_SHOW_WHEN_LOCKED: Int' is deprecated. Deprecated in Java.
w: file:///home/runner/work/nexusnova-app/nexusnova-app/NexusNovaAndroid/app/src/main/java/com/nexusnova/app/IncomingCallActivity.kt:15:44 'static field FLAG_TURN_SCREEN_ON: Int' is deprecated. Deprecated in Java.
w: file:///home/runner/work/nexusnova-app/nexusnova-app/NexusNovaAndroid/app/src/main/java/com/nexusnova/app/MainActivity.kt:145:18 'var databaseEnabled: Boolean' is deprecated. Deprecated in Java.
w: file:///home/runner/work/nexusnova-app/nexusnova-app/NexusNovaAndroid/app/src/main/java/com/nexusnova/app/MainActivity.kt:148:18 'var allowFileAccessFromFileURLs: Boolean' is deprecated. Deprecated in Java.
w: file:///home/runner/work/nexusnova-app/nexusnova-app/NexusNovaAndroid/app/src/main/java/com/nexusnova/app/MainActivity.kt:149:18 'var allowUniversalAccessFromFileURLs: Boolean' is deprecated. Deprecated in Java.
w: file:///home/runner/work/nexusnova-app/nexusnova-app/NexusNovaAndroid/app/src/main/java/com/nexusnova/app/NexusAdManager.kt:292:76 The corresponding parameter in the supertype 'AdEventCallback' is named 'fullScreenContentError'. This may cause problems when calling this function with named arguments.
w: file:///home/runner/work/nexusnova-app/nexusnova-app/NexusNovaAndroid/app/src/main/java/com/nexusnova/app/NexusAdManager.kt:320:47 The corresponding parameter in the supertype 'AdLoadCallback' is named 'adError'. This may cause problems when calling this function with named arguments.
w: file:///home/runner/work/nexusnova-app/nexusnova-app/NexusNovaAndroid/app/src/main/java/com/nexusnova/app/NexusAdManager.kt:361:76 The corresponding parameter in the supertype 'AdEventCallback' is named 'fullScreenContentError'. This may cause problems when calling this function with named arguments.
w: file:///home/runner/work/nexusnova-app/nexusnova-app/NexusNovaAndroid/app/src/main/java/com/nexusnova/app/NexusAdManager.kt:389:47 The corresponding parameter in the supertype 'AdLoadCallback' is named 'adError'. This may cause problems when calling this function with named arguments.
w: file:///home/runner/work/nexusnova-app/nexusnova-app/NexusNovaAndroid/app/src/main/java/com/nexusnova/app/NexusAdManager.kt:653:76 The corresponding parameter in the supertype 'AdEventCallback' is named 'fullScreenContentError'. This may cause problems when calling this function with named arguments.
w: file:///home/runner/work/nexusnova-app/nexusnova-app/NexusNovaAndroid/app/src/main/java/com/nexusnova/app/NexusAdManager.kt:677:47 The corresponding parameter in the supertype 'AdLoadCallback' is named 'adError'. This may cause problems when calling this function with named arguments.

> Task :app:compileDebugJavaWithJavac
> Task :app:dexBuilderDebug
> Task :app:mergeDebugGlobalSynthetics
> Task :app:processDebugJavaRes
> Task :app:mergeProjectDexDebug
> Task :app:mergeDebugJavaResource
> Task :app:packageDebug
> Task :app:createDebugApkListingFileRedirect
> Task :app:assembleDebug
gradle/actions: Writing build results to /home/runner/work/_temp/.gradle-actions/build-results/android_build-1787302218509.json

BUILD SUCCESSFUL in 1m 33s
40 actionable tasks: 39 executed, 1 up-to-date
